---
source: commit.rs
expression: "WireEphemeralExtendResponse :: arbitrary(& mut g)"
---
{"1":2939647976913485485,"2":{"2":2786141136387072907}}
