---
source: commit.rs
expression: "WireEphemeralPrepareResponse :: arbitrary(& mut g)"
---
{"1":2939647976913485485,"2":-8499007694271766893}
