---
source: commit.rs
expression: "WireEphemeralExtendRequest :: arbitrary(& mut g)"
---
{"1":2939647976913485485,"2":9947736379437784723}
